cargo : warning: constant `MAX_STACK` is never used
At line:1 char:1
+ cargo test -p pulse_cli > test.log 2>&1
+ ~~~~~~~~~~~~~~~~~~~~~~~~~~~~~~~~~~~~~~~
    + CategoryInfo          : NotSpecified: (warning: consta...` is never used:S 
   tring) [], RemoteException
    + FullyQualifiedErrorId : NativeCommandError
 
  --> pulse_vm\src\vm.rs:11:7
   |
11 | const MAX_STACK: usize = MAX_FRAMES * 256;
   |       ^^^^^^^^^
   |
   = note: `#[warn(dead_code)]` (part of `#[warn(unused)]`) on by default

warning: `pulse_vm` (lib) generated 1 warning
   Compiling pulse_cli v0.1.0 
(C:\Users\Kuntal\Documents\Pulse\pulse_lang\pulse_cli)
error[E0433]: failed to resolve: use of unresolved module or unlinked crate 
`futures`
  --> pulse_cli\tests\stress_tests.rs:13:26
   |
13 |             let result = futures::executor::block_on(vm.run(usize::MAX));
   |                          ^^^^^^^ use of unresolved module or unlinked crate 
`futures`
   |
   = help: if you wanted to use a crate named `futures`, use `cargo add futures` 
to add it to your `Cargo.toml`

error[E0061]: this function takes 3 arguments but 1 argument was supplied
   --> pulse_cli\tests\stress_tests.rs:26:24
    |
 26 |     let mut compiler = Compiler::new(source.as_str());
    |                        ^^^^^^^^^^^^^----------------- two arguments of 
type `FunctionType` and `Option<std::string::String>` are missing
    |
note: expected `Rc<RefCell<ParserV2<'_>>>`, found `&str`
   --> pulse_cli\tests\stress_tests.rs:26:38
    |
 26 |     let mut compiler = Compiler::new(source.as_str());
    |                                      ^^^^^^^^^^^^^^^
    = note: expected struct `Rc<RefCell<ParserV2<'_>>>`
            found reference `&str`
note: associated function defined here
   --> 
C:\Users\Kuntal\Documents\Pulse\pulse_lang\pulse_compiler\src\compiler.rs:128:12
    |
128 |     pub fn new(parser: Rc<RefCell<Parser<'a>>>, function_type: 
FunctionType, module_path: Option<String>) -> Self {
    |            ^^^
help: provide the arguments
    |
 26 -     let mut compiler = Compiler::new(source.as_str());
 26 +     let mut compiler = Compiler::new(/* Rc<RefCell<ParserV2<'_>>> */, /* 
FunctionType */, /* Option<std::string::String> */);
    |

error[E0599]: no method named `compile` found for struct `Compiler<'a>` in the 
current scope
  --> pulse_cli\tests\stress_tests.rs:27:20
   |
27 |     match compiler.compile() {
   |                    ^^^^^^^
   |
help: there is a method `compile_script` with a similar name
   |
27 |     match compiler.compile_script() {
   |                           +++++++

error[E0308]: mismatched types
  --> pulse_cli\tests\stress_tests.rs:29:41
   |
29 |             let mut vm = VM::new(chunk, 0, None);
   |                          -------        ^ expected `ActorId`, found integer
   |                          |
   |                          arguments to this function are incorrect
   |
note: associated function defined here
  --> C:\Users\Kuntal\Documents\Pulse\pulse_lang\pulse_vm\src\vm.rs:72:12
   |
72 |     pub fn new(chunk: Chunk, pid: ActorId, shared_heap: 
Option<Arc<SharedHeap>>) -> Self {
   |            ^^^

error[E0061]: this function takes 3 arguments but 1 argument was supplied
   --> pulse_cli\tests\stress_tests.rs:9:24
    |
  9 |     let mut compiler = Compiler::new(source.as_str());
    |                        ^^^^^^^^^^^^^----------------- two arguments of 
type `FunctionType` and `Option<std::string::String>` are missing
    |
note: expected `Rc<RefCell<ParserV2<'_>>>`, found `&str`
   --> pulse_cli\tests\stress_tests.rs:9:38
    |
  9 |     let mut compiler = Compiler::new(source.as_str());
    |                                      ^^^^^^^^^^^^^^^
    = note: expected struct `Rc<RefCell<ParserV2<'_>>>`
            found reference `&str`
note: associated function defined here
   --> 
C:\Users\Kuntal\Documents\Pulse\pulse_lang\pulse_compiler\src\compiler.rs:128:12
    |
128 |     pub fn new(parser: Rc<RefCell<Parser<'a>>>, function_type: 
FunctionType, module_path: Option<String>) -> Self {
    |            ^^^
help: provide the arguments
    |
  9 -     let mut compiler = Compiler::new(source.as_str());
  9 +     let mut compiler = Compiler::new(/* Rc<RefCell<ParserV2<'_>>> */, /* 
FunctionType */, /* Option<std::string::String> */);
    |

error[E0599]: no method named `compile` found for struct `Compiler<'a>` in the 
current scope
  --> pulse_cli\tests\stress_tests.rs:10:20
   |
10 |     match compiler.compile() {
   |                    ^^^^^^^
   |
help: there is a method `compile_script` with a similar name
   |
10 |     match compiler.compile_script() {
   |                           +++++++

error[E0308]: mismatched types
  --> pulse_cli\tests\stress_tests.rs:12:41
   |
12 |             let mut vm = VM::new(chunk, 0, None);
   |                          -------        ^ expected `ActorId`, found integer
   |                          |
   |                          arguments to this function are incorrect
   |
note: associated function defined here
  --> C:\Users\Kuntal\Documents\Pulse\pulse_lang\pulse_vm\src\vm.rs:72:12
   |
72 |     pub fn new(chunk: Chunk, pid: ActorId, shared_heap: 
Option<Arc<SharedHeap>>) -> Self {
   |            ^^^

Some errors have detailed explanations: E0061, E0308, E0433, E0599.
For more information about an error, try `rustc --explain E0061`.
error: could not compile `pulse_cli` (test "stress_tests") due to 7 previous 
errors
warning: build failed, waiting for other jobs to finish...
error[E0308]: mismatched types
   --> pulse_cli\src\repl.rs:215:61
    |
215 |                     let _ = runtime.handle.spawn_from_actor(current_chunk, 
ip).await;
    |                                            ---------------- ^^^^^^^^^^^^^ 
expected `Arc<Chunk>`, found `Result<Arc<Chunk>, PulseError>`
    |                                            |
    |                                            arguments to this method are 
incorrect
    |
    = note: expected struct `Arc<_>`
                 found enum `Result<Arc<_>, PulseError>`
note: method defined here
   --> 
C:\Users\Kuntal\Documents\Pulse\pulse_lang\pulse_runtime\src\runtime.rs:135:18
    |
135 |     pub async fn spawn_from_actor(&self, chunk: Arc<Chunk>, ip: usize) -> 
ActorId {
    |                  ^^^^^^^^^^^^^^^^
help: consider using `Result::expect` to unwrap the `Result<Arc<Chunk>, 
PulseError>` value, panicking if the value is a `Result::Err`
    |
215 |                     let _ = 
runtime.handle.spawn_from_actor(current_chunk.expect("REASON"), ip).await;
    |                                                                          
+++++++++++++++++

For more information about this error, try `rustc --explain E0308`.
error: could not compile `pulse_cli` (bin "pulse_cli" test) due to 1 previous 
error
error: could not compile `pulse_cli` (bin "pulse_cli") due to 1 previous error
